EN shifter_test NULL C:/Users/ddvergsten/Documents/GitHub/VHDLExamples/ch03/list_ch03_18_shift_test.vhd sub00/vhpl03 1382628504
AR shifter_test arch C:/Users/ddvergsten/Documents/GitHub/VHDLExamples/ch03/list_ch03_18_shift_test.vhd sub00/vhpl04 1382628505
AR barrel_shifter multi_stage_arch C:/Users/ddvergsten/Documents/GitHub/VHDLExamples/ch03/list_ch03_16_17_shift.vhd sub00/vhpl02 1382628503
AR barrel_shifter sel_arch C:/Users/ddvergsten/Documents/GitHub/VHDLExamples/ch03/list_ch03_16_17_shift.vhd sub00/vhpl01 1382628502
EN barrel_shifter NULL C:/Users/ddvergsten/Documents/GitHub/VHDLExamples/ch03/list_ch03_16_17_shift.vhd sub00/vhpl00 1382628501
