V3 10
FL C:/Users/ddvergsten/Documents/GitHub/VHDLExamples/ch04/list_ch04_20_fifo.vhd 2013/03/12.12:23:18 P.49d
EN work/fifo 1395943126 \
      FL C:/Users/ddvergsten/Documents/GitHub/VHDLExamples/ch04/list_ch04_20_fifo.vhd \
      PB ieee/std_logic_1164 1354696159 PB ieee/NUMERIC_STD 1354696164
AR work/fifo/arch 1395943127 \
      FL C:/Users/ddvergsten/Documents/GitHub/VHDLExamples/ch04/list_ch04_20_fifo.vhd \
      EN work/fifo 1395943126
FL C:/Users/ddvergsten/Documents/GitHub/VHDLExamples/ch04/list_ch04_21_fifo_test.vhd 2013/03/12.12:23:18 P.49d
EN work/fifo_test 1395943128 \
      FL C:/Users/ddvergsten/Documents/GitHub/VHDLExamples/ch04/list_ch04_21_fifo_test.vhd \
      PB ieee/std_logic_1164 1354696159
AR work/fifo_test/arch 1395943129 \
      FL C:/Users/ddvergsten/Documents/GitHub/VHDLExamples/ch04/list_ch04_21_fifo_test.vhd \
      EN work/fifo_test 1395943128 AR work/debounce/fsmd_arch 1395943125 \
      AR work/fifo/arch 1395943127
FL C:/Users/ddvergsten/Documents/GitHub/VHDLExamples/ch06/list_ch06_01_02_debounce.vhd 2013/03/12.12:23:18 P.49d
EN work/debounce 1395943123 \
      FL C:/Users/ddvergsten/Documents/GitHub/VHDLExamples/ch06/list_ch06_01_02_debounce.vhd \
      PB ieee/std_logic_1164 1354696159 PB ieee/NUMERIC_STD 1354696164
AR work/debounce/exp_fsmd_arch 1395943124 \
      FL C:/Users/ddvergsten/Documents/GitHub/VHDLExamples/ch06/list_ch06_01_02_debounce.vhd \
      EN work/debounce 1395943123
AR work/debounce/fsmd_arch 1395943125 \
      FL C:/Users/ddvergsten/Documents/GitHub/VHDLExamples/ch06/list_ch06_01_02_debounce.vhd \
      EN work/debounce 1395943123
