V3 3
FL C:/Users/ddvergsten/Documents/GitHub/VHDLExamples/experiment2-9/experiment2-9-2/decoder2to4.vhd 2015/04/01.11:13:53 P.20131013
EN work/decoder2to4 1427904840 \
      FL C:/Users/ddvergsten/Documents/GitHub/VHDLExamples/experiment2-9/experiment2-9-2/decoder2to4.vhd \
      PB ieee/std_logic_1164 1381692176
AR work/decoder2to4/struc_arch 1427904841 \
      FL C:/Users/ddvergsten/Documents/GitHub/VHDLExamples/experiment2-9/experiment2-9-2/decoder2to4.vhd \
      EN work/decoder2to4 1427904840
