V3 7
FL C:/Users/ddvergsten/Documents/GitHub/VHDLExamples/experiment2-9/experiment2-9-2/decoder2to4.vhd 2015/04/01.11:13:53 P.20131013
FL C:/Users/ddvergsten/Documents/VHDL3/VHDLExamples/experiment2-9/experiment2-9-2/decoder2to4.vhd 2015/04/01.18:09:16 P.20131013
EN work/decoder2to4 1427937986 \
      FL C:/Users/ddvergsten/Documents/VHDL3/VHDLExamples/experiment2-9/experiment2-9-2/decoder2to4.vhd \
      PB ieee/std_logic_1164 1381692176
AR work/decoder2to4/struc_arch 1427937987 \
      FL C:/Users/ddvergsten/Documents/VHDL3/VHDLExamples/experiment2-9/experiment2-9-2/decoder2to4.vhd \
      EN work/decoder2to4 1427937986
FL C:/Users/ddvergsten/Documents/VHDL3/VHDLExamples/experiment2-9/experiment2-9-2/decoder3to8.vhd 2015/04/01.20:26:21 P.20131013
EN work/decoder3to8 1427937988 \
      FL C:/Users/ddvergsten/Documents/VHDL3/VHDLExamples/experiment2-9/experiment2-9-2/decoder3to8.vhd \
      PB ieee/std_logic_1164 1381692176
AR work/decoder3to8/Behavioral 1427937989 \
      FL C:/Users/ddvergsten/Documents/VHDL3/VHDLExamples/experiment2-9/experiment2-9-2/decoder3to8.vhd \
      EN work/decoder3to8 1427937988 AR work/decoder2to4/struc_arch 1427937987
