EN t80_mcode NULL C:/Users/ddvergsten/Downloads/pacman_002/pacman_rel002/source/T80_MCode.vhd sub00/vhpl01 1427385349
EN pacman_audio NULL C:/Users/ddvergsten/Downloads/pacman_002/pacman_rel002/source/pacman_audio.vhd sub00/vhpl37 1427385385
AR pacrom_1m rtl C:/Users/ddvergsten/Downloads/pacman_002/pacman_rel002/roms/pacrom_1m.vhd sub00/vhpl10 1427385358
PH pkg_pacman_xilinx_prims NULL C:/Users/ddvergsten/Downloads/pacman_002/pacman_rel002/source/pkg_pacman_xilinx_prims.vhd sub00/vhpl05 1427385353
AR pacman_vram_addr rtl C:/Users/ddvergsten/Downloads/pacman_002/pacman_rel002/source/pacman_vram_addr.vhd sub00/vhpl32 1427385380
AR t80_alu rtl C:/Users/ddvergsten/Downloads/pacman_002/pacman_rel002/source/T80_ALU.vhd sub00/vhpl04 1427385352
AR pacman_video rtl C:/Users/ddvergsten/Downloads/pacman_002/pacman_rel002/source/pacman_video.vhd sub00/vhpl36 1427385384
AR x74_257 rtl C:/Users/ddvergsten/Downloads/pacman_002/pacman_rel002/source/pacman_vram_addr.vhd sub00/vhpl30 1427385378
AR pacrom_5f rtl C:/Users/ddvergsten/Downloads/pacman_002/pacman_rel002/roms/pacrom_5f.vhd sub00/vhpl18 1427385366
AR pacman_audio rtl C:/Users/ddvergsten/Downloads/pacman_002/pacman_rel002/source/pacman_audio.vhd sub00/vhpl38 1427385386
EN pacman_video NULL C:/Users/ddvergsten/Downloads/pacman_002/pacman_rel002/source/pacman_video.vhd sub00/vhpl35 1427385383
EN pacman_mul4 NULL C:/Users/ddvergsten/Downloads/pacman_002/pacman_rel002/source/pacman_mul4.vhd sub00/vhpl13 1427385361
EN pacman_rams NULL C:/Users/ddvergsten/Downloads/pacman_002/pacman_rel002/source/pacman_rams.vhd sub00/vhpl33 1427385381
AR x74_157 rtl C:/Users/ddvergsten/Downloads/pacman_002/pacman_rel002/source/pacman_vram_addr.vhd sub00/vhpl28 1427385376
AR pacman_mul_partial rtl C:/Users/ddvergsten/Downloads/pacman_002/pacman_rel002/source/pacman_mul4.vhd sub00/vhpl12 1427385360
PB pkg_pacman_xilinx_prims pkg_pacman_xilinx_prims C:/Users/ddvergsten/Downloads/pacman_002/pacman_rel002/source/pkg_pacman_xilinx_prims.vhd sub00/vhpl06 1427385354
AR pacman rtl C:/Users/ddvergsten/Downloads/pacman_002/pacman_rel002/source/pacman.vhd sub00/vhpl40 1427385388
EN pacrom_7f_dst NULL C:/Users/ddvergsten/Downloads/pacman_002/pacman_rel002/roms/pacrom_7f_dst.vhd sub00/vhpl21 1427385369
AR t80_mcode rtl C:/Users/ddvergsten/Downloads/pacman_002/pacman_rel002/source/T80_MCode.vhd sub00/vhpl02 1427385350
PH pkg_pacman NULL C:/Users/ddvergsten/Downloads/pacman_002/pacman_rel002/source/pkg_pacman.vhd sub00/vhpl07 1427385355
EN x74_157 NULL C:/Users/ddvergsten/Downloads/pacman_002/pacman_rel002/source/pacman_vram_addr.vhd sub00/vhpl27 1427385375
EN pacrom_4a_dst NULL C:/Users/ddvergsten/Downloads/pacman_002/pacman_rel002/roms/pacrom_4a_dst.vhd sub00/vhpl19 1427385367
AR pacman_mul4 rtl C:/Users/ddvergsten/Downloads/pacman_002/pacman_rel002/source/pacman_mul4.vhd sub00/vhpl14 1427385362
AR pacman_rams rtl C:/Users/ddvergsten/Downloads/pacman_002/pacman_rel002/source/pacman_rams.vhd sub00/vhpl34 1427385382
EN x74_257 NULL C:/Users/ddvergsten/Downloads/pacman_002/pacman_rel002/source/pacman_vram_addr.vhd sub00/vhpl29 1427385377
AR pacrom_4a_dst rtl C:/Users/ddvergsten/Downloads/pacman_002/pacman_rel002/roms/pacrom_4a_dst.vhd sub00/vhpl20 1427385368
AR t80 rtl C:/Users/ddvergsten/Downloads/pacman_002/pacman_rel002/source/T80.vhd sub00/vhpl24 1427385372
PH t80_pack NULL C:/Users/ddvergsten/Downloads/pacman_002/pacman_rel002/source/T80_Pack.vhd sub00/vhpl00 1427385348
EN t80sed NULL C:/Users/ddvergsten/Downloads/pacman_002/pacman_rel002/source/T80sed.vhd sub00/vhpl25 1427385373
EN t80 NULL C:/Users/ddvergsten/Downloads/pacman_002/pacman_rel002/source/T80.vhd sub00/vhpl23 1427385371
AR t80sed rtl C:/Users/ddvergsten/Downloads/pacman_002/pacman_rel002/source/T80sed.vhd sub00/vhpl26 1427385374
EN pacman_vram_addr NULL C:/Users/ddvergsten/Downloads/pacman_002/pacman_rel002/source/pacman_vram_addr.vhd sub00/vhpl31 1427385379
EN pacrom_1m NULL C:/Users/ddvergsten/Downloads/pacman_002/pacman_rel002/roms/pacrom_1m.vhd sub00/vhpl09 1427385357
PB pkg_pacman pkg_pacman C:/Users/ddvergsten/Downloads/pacman_002/pacman_rel002/source/pkg_pacman.vhd sub00/vhpl08 1427385356
EN pacrom_5e NULL C:/Users/ddvergsten/Downloads/pacman_002/pacman_rel002/roms/pacrom_5e.vhd sub00/vhpl15 1427385363
EN pacrom_5f NULL C:/Users/ddvergsten/Downloads/pacman_002/pacman_rel002/roms/pacrom_5f.vhd sub00/vhpl17 1427385365
EN t80_alu NULL C:/Users/ddvergsten/Downloads/pacman_002/pacman_rel002/source/T80_ALU.vhd sub00/vhpl03 1427385351
AR pacrom_7f_dst rtl C:/Users/ddvergsten/Downloads/pacman_002/pacman_rel002/roms/pacrom_7f_dst.vhd sub00/vhpl22 1427385370
EN pacman NULL C:/Users/ddvergsten/Downloads/pacman_002/pacman_rel002/source/pacman.vhd sub00/vhpl39 1427385387
EN pacman_mul_partial NULL C:/Users/ddvergsten/Downloads/pacman_002/pacman_rel002/source/pacman_mul4.vhd sub00/vhpl11 1427385359
AR pacrom_5e rtl C:/Users/ddvergsten/Downloads/pacman_002/pacman_rel002/roms/pacrom_5e.vhd sub00/vhpl16 1427385364
