V3 119
FL C:/Users/ddvergsten/Downloads/pacman_002/pacman_rel002/roms/pacrom_1m.vhd 2015/03/26.10:33:19 P.20131013
EN work/PACROM_1M 1427385357 \
      FL C:/Users/ddvergsten/Downloads/pacman_002/pacman_rel002/roms/pacrom_1m.vhd \
      PB ieee/std_logic_1164 1381692176 PB ieee/NUMERIC_STD 1381692181
AR work/PACROM_1M/RTL 1427385358 \
      FL C:/Users/ddvergsten/Downloads/pacman_002/pacman_rel002/roms/pacrom_1m.vhd \
      EN work/PACROM_1M 1427385357 CP label CP ramb4_s8
FL C:/Users/ddvergsten/Downloads/pacman_002/pacman_rel002/roms/pacrom_4a_dst.vhd 2015/03/26.10:33:19 P.20131013
EN work/PACROM_4A_DST 1427385367 \
      FL C:/Users/ddvergsten/Downloads/pacman_002/pacman_rel002/roms/pacrom_4a_dst.vhd \
      PB ieee/std_logic_1164 1381692176 PB ieee/NUMERIC_STD 1381692181
AR work/PACROM_4A_DST/RTL 1427385368 \
      FL C:/Users/ddvergsten/Downloads/pacman_002/pacman_rel002/roms/pacrom_4a_dst.vhd \
      EN work/PACROM_4A_DST 1427385367
FL C:/Users/ddvergsten/Downloads/pacman_002/pacman_rel002/roms/pacrom_5e.vhd 2015/03/26.10:33:18 P.20131013
EN work/PACROM_5E 1427385363 \
      FL C:/Users/ddvergsten/Downloads/pacman_002/pacman_rel002/roms/pacrom_5e.vhd \
      PB ieee/std_logic_1164 1381692176 PB ieee/NUMERIC_STD 1381692181
AR work/PACROM_5E/RTL 1427385364 \
      FL C:/Users/ddvergsten/Downloads/pacman_002/pacman_rel002/roms/pacrom_5e.vhd \
      EN work/PACROM_5E 1427385363 CP label CP ramb4_s1
FL C:/Users/ddvergsten/Downloads/pacman_002/pacman_rel002/roms/pacrom_5f.vhd 2015/03/26.10:33:18 P.20131013
EN work/PACROM_5F 1427385365 \
      FL C:/Users/ddvergsten/Downloads/pacman_002/pacman_rel002/roms/pacrom_5f.vhd \
      PB ieee/std_logic_1164 1381692176 PB ieee/NUMERIC_STD 1381692181
AR work/PACROM_5F/RTL 1427385366 \
      FL C:/Users/ddvergsten/Downloads/pacman_002/pacman_rel002/roms/pacrom_5f.vhd \
      EN work/PACROM_5F 1427385365 CP label CP ramb4_s1
FL C:/Users/ddvergsten/Downloads/pacman_002/pacman_rel002/roms/pacrom_7f_dst.vhd 2015/03/26.10:33:19 P.20131013
EN work/PACROM_7F_DST 1427385369 \
      FL C:/Users/ddvergsten/Downloads/pacman_002/pacman_rel002/roms/pacrom_7f_dst.vhd \
      PB ieee/std_logic_1164 1381692176 PB ieee/NUMERIC_STD 1381692181
AR work/PACROM_7F_DST/RTL 1427385370 \
      FL C:/Users/ddvergsten/Downloads/pacman_002/pacman_rel002/roms/pacrom_7f_dst.vhd \
      EN work/PACROM_7F_DST 1427385369
FL C:/Users/ddvergsten/Downloads/pacman_002/pacman_rel002/source/pacman.vhd 2015/03/26.10:31:45 P.20131013
EN work/PACMAN 1427385387 \
      FL C:/Users/ddvergsten/Downloads/pacman_002/pacman_rel002/source/pacman.vhd \
      PB ieee/std_logic_1164 1381692176 PB ieee/std_logic_arith 1381692177 \
      PB ieee/STD_LOGIC_UNSIGNED 1381692179 PB work/pkg_pacman_xilinx_prims 1427385354 \
      PB work/pkg_pacman 1427385356
AR work/PACMAN/RTL 1427385388 \
      FL C:/Users/ddvergsten/Downloads/pacman_002/pacman_rel002/source/pacman.vhd \
      EN work/PACMAN 1427385387 CP IBUFG CP CLKDLL CP BUFG CP T80sed \
      CP PACMAN_VRAM_ADDR CP PACMAN_RAMS CP PACMAN_VIDEO CP PACMAN_AUDIO CP PULLUP
FL C:/Users/ddvergsten/Downloads/pacman_002/pacman_rel002/source/pacman_audio.vhd 2015/03/26.10:31:45 P.20131013
EN work/PACMAN_AUDIO 1427385385 \
      FL C:/Users/ddvergsten/Downloads/pacman_002/pacman_rel002/source/pacman_audio.vhd \
      PB ieee/std_logic_1164 1381692176 PB ieee/std_logic_arith 1381692177 \
      PB ieee/STD_LOGIC_UNSIGNED 1381692179 PB work/pkg_pacman_xilinx_prims 1427385354 \
      PB work/pkg_pacman 1427385356
AR work/PACMAN_AUDIO/RTL 1427385386 \
      FL C:/Users/ddvergsten/Downloads/pacman_002/pacman_rel002/source/pacman_audio.vhd \
      EN work/PACMAN_AUDIO 1427385385 CP RAM16X1D CP PACROM_1M CP PACMAN_MUL4
FL C:/Users/ddvergsten/Downloads/pacman_002/pacman_rel002/source/pacman_mul4.vhd 2015/03/26.10:31:45 P.20131013
EN work/PACMAN_MUL_PARTIAL 1427385359 \
      FL C:/Users/ddvergsten/Downloads/pacman_002/pacman_rel002/source/pacman_mul4.vhd \
      PB ieee/std_logic_1164 1381692176 PB ieee/std_logic_arith 1381692177 \
      PB ieee/STD_LOGIC_UNSIGNED 1381692179
AR work/PACMAN_MUL_PARTIAL/RTL 1427385360 \
      FL C:/Users/ddvergsten/Downloads/pacman_002/pacman_rel002/source/pacman_mul4.vhd \
      EN work/PACMAN_MUL_PARTIAL 1427385359
EN work/PACMAN_MUL4 1427385361 \
      FL C:/Users/ddvergsten/Downloads/pacman_002/pacman_rel002/source/pacman_mul4.vhd \
      PB ieee/std_logic_1164 1381692176 PB ieee/std_logic_arith 1381692177 \
      PB ieee/STD_LOGIC_UNSIGNED 1381692179
AR work/PACMAN_MUL4/RTL 1427385362 \
      FL C:/Users/ddvergsten/Downloads/pacman_002/pacman_rel002/source/pacman_mul4.vhd \
      EN work/PACMAN_MUL4 1427385361 CP PACMAN_MUL_PARTIAL
FL C:/Users/ddvergsten/Downloads/pacman_002/pacman_rel002/source/pacman_rams.vhd 2015/03/26.10:31:44 P.20131013
EN work/PACMAN_RAMS 1427385381 \
      FL C:/Users/ddvergsten/Downloads/pacman_002/pacman_rel002/source/pacman_rams.vhd \
      PB ieee/std_logic_1164 1381692176 PB ieee/std_logic_arith 1381692177 \
      PB ieee/STD_LOGIC_UNSIGNED 1381692179 PB work/pkg_pacman_xilinx_prims 1427385354 \
      PB work/pkg_pacman 1427385356
AR work/PACMAN_RAMS/RTL 1427385382 \
      FL C:/Users/ddvergsten/Downloads/pacman_002/pacman_rel002/source/pacman_rams.vhd \
      EN work/PACMAN_RAMS 1427385381 CP RAMB4_S4
FL C:/Users/ddvergsten/Downloads/pacman_002/pacman_rel002/source/pacman_video.vhd 2015/03/26.10:31:45 P.20131013
EN work/PACMAN_VIDEO 1427385383 \
      FL C:/Users/ddvergsten/Downloads/pacman_002/pacman_rel002/source/pacman_video.vhd \
      PB ieee/std_logic_1164 1381692176 PB ieee/std_logic_arith 1381692177 \
      PB ieee/STD_LOGIC_UNSIGNED 1381692179 PB work/pkg_pacman_xilinx_prims 1427385354 \
      PB work/pkg_pacman 1427385356
AR work/PACMAN_VIDEO/RTL 1427385384 \
      FL C:/Users/ddvergsten/Downloads/pacman_002/pacman_rel002/source/pacman_video.vhd \
      EN work/PACMAN_VIDEO 1427385383 CP RAM16X1D CP PACROM_5E CP PACROM_5F \
      CP PACROM_4A_DST CP RAMB4_S4_S4 CP PACROM_7F_DST
FL C:/Users/ddvergsten/Downloads/pacman_002/pacman_rel002/source/pacman_vram_addr.vhd 2015/03/26.10:31:45 P.20131013
EN work/X74_157 1427385375 \
      FL C:/Users/ddvergsten/Downloads/pacman_002/pacman_rel002/source/pacman_vram_addr.vhd \
      PB ieee/std_logic_1164 1381692176 PB ieee/std_logic_arith 1381692177 \
      PB ieee/STD_LOGIC_UNSIGNED 1381692179 PB work/pkg_pacman_xilinx_prims 1427385354 \
      PB work/pkg_pacman 1427385356
AR work/X74_157/RTL 1427385376 \
      FL C:/Users/ddvergsten/Downloads/pacman_002/pacman_rel002/source/pacman_vram_addr.vhd \
      EN work/X74_157 1427385375
EN work/X74_257 1427385377 \
      FL C:/Users/ddvergsten/Downloads/pacman_002/pacman_rel002/source/pacman_vram_addr.vhd \
      PB ieee/std_logic_1164 1381692176 PB ieee/std_logic_arith 1381692177 \
      PB ieee/STD_LOGIC_UNSIGNED 1381692179 PB work/pkg_pacman_xilinx_prims 1427385354
AR work/X74_257/RTL 1427385378 \
      FL C:/Users/ddvergsten/Downloads/pacman_002/pacman_rel002/source/pacman_vram_addr.vhd \
      EN work/X74_257 1427385377
EN work/PACMAN_VRAM_ADDR 1427385379 \
      FL C:/Users/ddvergsten/Downloads/pacman_002/pacman_rel002/source/pacman_vram_addr.vhd \
      PB ieee/std_logic_1164 1381692176 PB ieee/std_logic_arith 1381692177 \
      PB ieee/STD_LOGIC_UNSIGNED 1381692179 PB work/pkg_pacman_xilinx_prims 1427385354
AR work/PACMAN_VRAM_ADDR/RTL 1427385380 \
      FL C:/Users/ddvergsten/Downloads/pacman_002/pacman_rel002/source/pacman_vram_addr.vhd \
      EN work/PACMAN_VRAM_ADDR 1427385379 CP X74_157 CP X74_257
FL C:/Users/ddvergsten/Downloads/pacman_002/pacman_rel002/source/pkg_pacman.vhd 2015/03/26.10:31:45 P.20131013
PH work/pkg_pacman 1427385355 \
      FL C:/Users/ddvergsten/Downloads/pacman_002/pacman_rel002/source/pkg_pacman.vhd \
      PB ieee/std_logic_1164 1381692176 PB ieee/std_logic_arith 1381692177 \
      PB ieee/STD_LOGIC_UNSIGNED 1381692179 CD PACROM_6E CD PACROM_6F CD PACROM_6H \
      CD PACROM_6J CD PACROM_5E CD PACROM_5F CD PACROM_1M CD PACROM_7F_DST \
      CD PACROM_4A_DST CD PACMAN_VRAM_ADDR CD PACMAN_RAMS CD PACMAN_VIDEO \
      CD PACMAN_DBLSCAN CD PACMAN_MUL4 CD PACMAN_AUDIO CD T80sed
PB work/pkg_pacman 1427385356 \
      FL C:/Users/ddvergsten/Downloads/pacman_002/pacman_rel002/source/pkg_pacman.vhd \
      PH work/pkg_pacman 1427385355
FL C:/Users/ddvergsten/Downloads/pacman_002/pacman_rel002/source/pkg_pacman_xilinx_prims.vhd 2015/03/26.10:31:45 P.20131013
PH work/pkg_pacman_xilinx_prims 1427385353 \
      FL C:/Users/ddvergsten/Downloads/pacman_002/pacman_rel002/source/pkg_pacman_xilinx_prims.vhd \
      PB ieee/std_logic_1164 1381692176 PB ieee/std_logic_arith 1381692177 \
      PB ieee/STD_LOGIC_UNSIGNED 1381692179 CD RAM16X1D CD RAMB4_S1 CD RAMB4_S4 \
      CD RAMB4_S8 CD RAMB4_S1_S1 CD RAMB4_S2_S2 CD RAMB4_S4_S4 CD RAMB4_S8_S8 \
      CD PULLUP CD BUFG CD OBUF CD IBUFG CD IBUF CD CLKDLL
PB work/pkg_pacman_xilinx_prims 1427385354 \
      FL C:/Users/ddvergsten/Downloads/pacman_002/pacman_rel002/source/pkg_pacman_xilinx_prims.vhd \
      PH work/pkg_pacman_xilinx_prims 1427385353
FL C:/Users/ddvergsten/Downloads/pacman_002/pacman_rel002/source/T80.vhd 2015/03/26.10:31:45 P.20131013
EN work/T80 1427385371 \
      FL C:/Users/ddvergsten/Downloads/pacman_002/pacman_rel002/source/T80.vhd \
      PB ieee/std_logic_1164 1381692176 PB ieee/NUMERIC_STD 1381692181 \
      PH work/T80_Pack 1427385348
AR work/T80/rtl 1427385372 \
      FL C:/Users/ddvergsten/Downloads/pacman_002/pacman_rel002/source/T80.vhd \
      EN work/T80 1427385371 CP T80_MCode CP T80_ALU
FL C:/Users/ddvergsten/Downloads/pacman_002/pacman_rel002/source/T80sed.vhd 2015/03/26.10:31:45 P.20131013
EN work/T80sed 1427385373 \
      FL C:/Users/ddvergsten/Downloads/pacman_002/pacman_rel002/source/T80sed.vhd \
      PB ieee/std_logic_1164 1381692176 PB ieee/NUMERIC_STD 1381692181 \
      PH work/T80_Pack 1427385348
AR work/T80sed/rtl 1427385374 \
      FL C:/Users/ddvergsten/Downloads/pacman_002/pacman_rel002/source/T80sed.vhd \
      EN work/T80sed 1427385373 CP T80
FL C:/Users/ddvergsten/Downloads/pacman_002/pacman_rel002/source/T80_ALU.vhd 2015/03/26.10:31:45 P.20131013
EN work/T80_ALU 1427385351 \
      FL C:/Users/ddvergsten/Downloads/pacman_002/pacman_rel002/source/T80_ALU.vhd \
      PB ieee/std_logic_1164 1381692176 PB ieee/NUMERIC_STD 1381692181
AR work/T80_ALU/rtl 1427385352 \
      FL C:/Users/ddvergsten/Downloads/pacman_002/pacman_rel002/source/T80_ALU.vhd \
      EN work/T80_ALU 1427385351
FL C:/Users/ddvergsten/Downloads/pacman_002/pacman_rel002/source/T80_MCode.vhd 2015/03/26.10:31:45 P.20131013
EN work/T80_MCode 1427385349 \
      FL C:/Users/ddvergsten/Downloads/pacman_002/pacman_rel002/source/T80_MCode.vhd \
      PB ieee/std_logic_1164 1381692176 PB ieee/NUMERIC_STD 1381692181 \
      PH work/T80_Pack 1427385348
AR work/T80_MCode/rtl 1427385350 \
      FL C:/Users/ddvergsten/Downloads/pacman_002/pacman_rel002/source/T80_MCode.vhd \
      EN work/T80_MCode 1427385349
FL C:/Users/ddvergsten/Downloads/pacman_002/pacman_rel002/source/T80_Pack.vhd 2015/03/26.10:31:45 P.20131013
PH work/T80_Pack 1427385348 \
      FL C:/Users/ddvergsten/Downloads/pacman_002/pacman_rel002/source/T80_Pack.vhd \
      PB ieee/std_logic_1164 1381692176 CD T80 CD T80_MCode CD T80_ALU
