EN disp_mux_test NULL C:/Users/ddvergsten/Documents/GitHub/VHDLExamples/ch04/list_ch04_14_disp_test.vhd sub00/vhpl02 1383241967
AR disp_mux_test arch C:/Users/ddvergsten/Documents/GitHub/VHDLExamples/ch04/list_ch04_14_disp_test.vhd sub00/vhpl03 1383241968
AR disp_mux arch C:/Users/ddvergsten/Documents/GitHub/VHDLExamples/ch04/list_ch04_13_disp_mux.vhd sub00/vhpl01 1383241966
EN disp_mux NULL C:/Users/ddvergsten/Documents/GitHub/VHDLExamples/ch04/list_ch04_13_disp_mux.vhd sub00/vhpl00 1383241965
