V3 9
FL C:/SourceCode/fpga_vhdl_src/ch04/list_ch04_13_disp_mux.vhd 2013/05/10.10:07:08 P.49d
FL C:/SourceCode/fpga_vhdl_src/ch04/list_ch04_14_disp_test.vhd 2013/05/09.13:06:24 P.49d
FL C:/Users/ddvergsten/Documents/GitHub/VHDLExamples/ch04/list_ch04_13_disp_mux.vhd 2013/10/31.12:33:30 P.49d
EN work/disp_mux 1383241965 \
      FL C:/Users/ddvergsten/Documents/GitHub/VHDLExamples/ch04/list_ch04_13_disp_mux.vhd \
      PB ieee/std_logic_1164 1354696159 PB ieee/NUMERIC_STD 1354696164
AR work/disp_mux/arch 1383241966 \
      FL C:/Users/ddvergsten/Documents/GitHub/VHDLExamples/ch04/list_ch04_13_disp_mux.vhd \
      EN work/disp_mux 1383241965
FL C:/Users/ddvergsten/Documents/GitHub/VHDLExamples/ch04/list_ch04_14_disp_test.vhd 2013/10/31.12:52:40 P.49d
EN work/disp_mux_test 1383241967 \
      FL C:/Users/ddvergsten/Documents/GitHub/VHDLExamples/ch04/list_ch04_14_disp_test.vhd \
      PB ieee/std_logic_1164 1354696159 PB ieee/NUMERIC_STD 1354696164
AR work/disp_mux_test/arch 1383241968 \
      FL C:/Users/ddvergsten/Documents/GitHub/VHDLExamples/ch04/list_ch04_14_disp_test.vhd \
      EN work/disp_mux_test 1383241967 CP work/disp_mux
