V3 7
FL C:/SourceCode/fpga_vhdl_src/ch04/list_ch04_13_disp_mux.vhd 2013/05/10.10:07:08 P.49d
EN work/disp_mux 1368198430 \
      FL C:/SourceCode/fpga_vhdl_src/ch04/list_ch04_13_disp_mux.vhd \
      PB ieee/std_logic_1164 1354696159 PB ieee/NUMERIC_STD 1354696164
AR work/disp_mux/arch 1368198431 \
      FL C:/SourceCode/fpga_vhdl_src/ch04/list_ch04_13_disp_mux.vhd \
      EN work/disp_mux 1368198430
FL C:/SourceCode/fpga_vhdl_src/ch04/list_ch04_14_disp_test.vhd 2013/05/09.13:06:24 P.49d
EN work/disp_mux_test 1368198432 \
      FL C:/SourceCode/fpga_vhdl_src/ch04/list_ch04_14_disp_test.vhd \
      PB ieee/std_logic_1164 1354696159 PB ieee/NUMERIC_STD 1354696164
AR work/disp_mux_test/arch 1368198433 \
      FL C:/SourceCode/fpga_vhdl_src/ch04/list_ch04_14_disp_test.vhd \
      EN work/disp_mux_test 1368198432 CP work/disp_mux
