V3 11
FL C:/Users/ddvergsten/Documents/GitHub/VHDLExamples/ch04/list_ch04_15_disp_hex.vhd 2013/03/12.12:23:18 P.49d
EN work/disp_hex_mux 1395251979 \
      FL C:/Users/ddvergsten/Documents/GitHub/VHDLExamples/ch04/list_ch04_15_disp_hex.vhd \
      PB ieee/std_logic_1164 1354696159 PB ieee/NUMERIC_STD 1354696164
AR work/disp_hex_mux/arch 1395251980 \
      FL C:/Users/ddvergsten/Documents/GitHub/VHDLExamples/ch04/list_ch04_15_disp_hex.vhd \
      EN work/disp_hex_mux 1395251979
FL C:/Users/ddvergsten/Documents/GitHub/VHDLExamples/ch04/list_ch04_17_18_watch.vhd 2014/03/19.12:59:31 P.49d
EN work/stop_watch 1395251981 \
      FL C:/Users/ddvergsten/Documents/GitHub/VHDLExamples/ch04/list_ch04_17_18_watch.vhd \
      PB ieee/std_logic_1164 1354696159 PB ieee/NUMERIC_STD 1354696164
AR work/stop_watch/cascade_arch 1395251982 \
      FL C:/Users/ddvergsten/Documents/GitHub/VHDLExamples/ch04/list_ch04_17_18_watch.vhd \
      EN work/stop_watch 1395251981
AR work/stop_watch/if_arch 1395251983 \
      FL C:/Users/ddvergsten/Documents/GitHub/VHDLExamples/ch04/list_ch04_17_18_watch.vhd \
      EN work/stop_watch 1395251981
FL C:/Users/ddvergsten/Documents/GitHub/VHDLExamples/ch04/list_ch04_19_watch_test.vhd 2013/03/12.12:23:18 P.49d
EN work/stop_watch_test 1395251984 \
      FL C:/Users/ddvergsten/Documents/GitHub/VHDLExamples/ch04/list_ch04_19_watch_test.vhd \
      PB ieee/std_logic_1164 1354696159
AR work/stop_watch_test/arch 1395251985 \
      FL C:/Users/ddvergsten/Documents/GitHub/VHDLExamples/ch04/list_ch04_19_watch_test.vhd \
      EN work/stop_watch_test 1395251984 CP work/disp_hex_mux \
      AR work/stop_watch/cascade_arch 1395251982
