V3 11
FL C:/Users/ddvergsten/Documents/GitHub/VHDLExamples/ch04/list_ch04_15_disp_hex.vhd 2013/03/12.11:23:18 P.49d
EN work/disp_hex_mux 1392651271 \
      FL C:/Users/ddvergsten/Documents/GitHub/VHDLExamples/ch04/list_ch04_15_disp_hex.vhd \
      PB ieee/std_logic_1164 1354696159 PB ieee/NUMERIC_STD 1354696164
AR work/disp_hex_mux/arch 1392651272 \
      FL C:/Users/ddvergsten/Documents/GitHub/VHDLExamples/ch04/list_ch04_15_disp_hex.vhd \
      EN work/disp_hex_mux 1392651271
FL C:/Users/ddvergsten/Documents/GitHub/VHDLExamples/ch04/list_ch04_17_18_watch.vhd 2013/03/12.11:23:18 P.49d
EN work/stop_watch 1392651273 \
      FL C:/Users/ddvergsten/Documents/GitHub/VHDLExamples/ch04/list_ch04_17_18_watch.vhd \
      PB ieee/std_logic_1164 1354696159 PB ieee/NUMERIC_STD 1354696164
AR work/stop_watch/cascade_arch 1392651274 \
      FL C:/Users/ddvergsten/Documents/GitHub/VHDLExamples/ch04/list_ch04_17_18_watch.vhd \
      EN work/stop_watch 1392651273
AR work/stop_watch/if_arch 1392651275 \
      FL C:/Users/ddvergsten/Documents/GitHub/VHDLExamples/ch04/list_ch04_17_18_watch.vhd \
      EN work/stop_watch 1392651273
FL C:/Users/ddvergsten/Documents/GitHub/VHDLExamples/ch04/list_ch04_19_watch_test.vhd 2013/03/12.11:23:18 P.49d
EN work/stop_watch_test 1392651276 \
      FL C:/Users/ddvergsten/Documents/GitHub/VHDLExamples/ch04/list_ch04_19_watch_test.vhd \
      PB ieee/std_logic_1164 1354696159
AR work/stop_watch_test/arch 1392651277 \
      FL C:/Users/ddvergsten/Documents/GitHub/VHDLExamples/ch04/list_ch04_19_watch_test.vhd \
      EN work/stop_watch_test 1392651276 CP work/disp_hex_mux \
      AR work/stop_watch/cascade_arch 1392651274
