EN barrel_shifter NULL C:/Users/ddvergsten/Documents/GitHub/VHDLExamples/rotateLR/barrelShifter.vhd sub00/vhpl00 1386784411
AR barrel_shifter sel_arch C:/Users/ddvergsten/Documents/GitHub/VHDLExamples/rotateLR/barrelShifter.vhd sub00/vhpl01 1386784412
AR barrel_shifter multi_stage_arch C:/Users/ddvergsten/Documents/GitHub/VHDLExamples/rotateLR/barrelShifter.vhd sub00/vhpl02 1386784413
